id:(r4540889804)

(osm_id = 4540889804 AND osm_type = 'relation')

[<Record count=0>]
