length:(..99)

length <= 99

[<Record count=5230853>]
