([] ([66] ([2 66] ([91 2 66] id : ( ([203 91 2 66] node/1) , ([205 91 2 66] way/2) ))) and ([109 66] ([86 109 66] type : way))) <EOF>)
