([] ([66] ([2 66] ([86 2 66] type : node)) and ([109 66] ([81 109 66] ([118 81 109 66] natural) = ([120 81 109 66] tree)))) <EOF>)
