name ~ S*

tags ->> 'name' LIKE 'S%'

[<Record count=141732>]
