area:(2.0..1.0)

(area >= 2.0 AND area <= 1.0)

[<Record count=0>]
