area:( .. 9999.0)

area <= 9999.0

[<Record count=6009909>]
