"type"=boundary

tags @> '{"type": "boundary"}'

[<Record count=457>]
