type :node

osm_type = 'node'

[<Record count=1629017>]
