id:(1 .. 9999)

line 1:9 extraneous input '9999' expecting {')', ','}
