SELECT COUNT(*) 
FROM contributions 
WHERE osm_id <= 9999

[<Record count=2209>]
