(not natural=tree)

(NOT tags @> '{"natural": "tree"}')

[<Record count=6076896>]
