SELECT COUNT(*) 
FROM contributions 
WHERE area >= 1.3

[<Record count=64464>]
