area:(1.0 ..)

line 1:10 token recognition error at: '..)'
