id: (4540889804)

osm_id IN (4540889804)

[<Record count=8>]
