id :(node/4540889804)

(osm_id = 4540889804 AND osm_type = 'node')

[<Record count=8>]
