SELECT COUNT(*) 
FROM contributions 
WHERE tags ? 'oneway' 
AND NOT tags @> '{"oneway": "yes"}'

[<Record count=2134>]
