id:(1 ..9999)

line 1:6 extraneous input '..9999' expecting {')', ','}
