area:(1..9999)

(area >= 1 AND area <= 9999)

[<Record count=1945427>]
