id:(node/ 4540889804)

line 1:8 token recognition error at: '/'
