SELECT COUNT(*) 
FROM contributions 
WHERE (osm_id = 1 
AND osm_type = 'node') 
OR (osm_id = 42 
AND osm_type = 'way') 
OR (osm_id = 1234 
AND osm_type = 'relation')

[<Record count=0>]
