length:(1.0.. 10.0)

line 1:14 extraneous input '10.0' expecting ')'
