length:(1.0 ..)

length >= 1.0

[<Record count=1814330>]
