area:(1..9999)

line 1:6 mismatched input '1..9999' expecting RANGE_DEC
