changeset_tags @> '{"created_by": "bulk_upload.py"}'
