geometry:1

line 1:9 no viable alternative at input 'geometry:1'
