([] ([68] ([2 68] ([94 2 68] id : ( node/1 , way/2 ))) and ([112 68] ([89 112 68] type : way))) <EOF>)
