type:relation

osm_type = 'relation'

[<Record count=651400>]
