([] ([68] ([83 68] ([121 83 68] natural) = ([123 83 68] tree))) <EOF>)
