natural in (water)

tags -> 'natural' IN ('"water"')

[<Record count=8977>]
