area:(1.0..-200)

line 1:11 no viable alternative at input '1.0..-200'
