not natural!=tree

NOT NOT tags @> '{"natural": "tree"}'

[<Record count=98199>]
