length:( .. 10.0)

length <= 10.0

[<Record count=4483765>]
